// Jest Snapshot v1, https://goo.gl/fbAQLP

exports[`PresIn renders correctly 1`] = `
<div>
  <Styled(div)>
    <div>
      <label>
        Text
      </label>
    </div>
    <Styled(textarea)
      cols="60"
      onChange={[Function]}
      rows="5"
      value="Hello"
    />
  </Styled(div)>
  <Styled(div)>
    <div>
      <label>
        Selection
      </label>
    </div>
    <Styled(select)
      multiple={true}
      onChange={[Function]}
      value={
        Array [
          "one",
        ]
      }
    >
      <option
        value="one"
      >
        one
      </option>
      <option
        value="two"
      >
        two
      </option>
      <option
        value="three"
      >
        three
      </option>
      <option
        value="four"
      >
        four
      </option>
      <option
        value="five"
      >
        five
      </option>
    </Styled(select)>
  </Styled(div)>
  <div>
    <button
      onClick={[Function]}
      type="button"
    >
      Add Record
    </button>
  </div>
</div>
`;
